mode: set
tailscale-dnsrewrite/webgui/main.go:81.13,82.20 1 1
tailscale-dnsrewrite/webgui/main.go:82.20,84.3 1 1
tailscale-dnsrewrite/webgui/main.go:85.2,85.16 1 1
tailscale-dnsrewrite/webgui/main.go:85.16,87.3 1 1
tailscale-dnsrewrite/webgui/main.go:88.2,89.24 2 1
tailscale-dnsrewrite/webgui/main.go:92.29,94.16 2 1
tailscale-dnsrewrite/webgui/main.go:94.16,96.3 1 0
tailscale-dnsrewrite/webgui/main.go:97.2,100.26 3 1
tailscale-dnsrewrite/webgui/main.go:100.26,101.87 1 0
tailscale-dnsrewrite/webgui/main.go:101.87,104.18 3 0
tailscale-dnsrewrite/webgui/main.go:104.18,105.13 1 0
tailscale-dnsrewrite/webgui/main.go:107.4,108.23 2 0
tailscale-dnsrewrite/webgui/main.go:108.23,110.63 2 0
tailscale-dnsrewrite/webgui/main.go:110.63,111.30 1 0
tailscale-dnsrewrite/webgui/main.go:111.30,116.7 4 0
tailscale-dnsrewrite/webgui/main.go:119.4,119.20 1 0
tailscale-dnsrewrite/webgui/main.go:122.2,122.68 1 1
tailscale-dnsrewrite/webgui/main.go:125.29,130.21 3 0
tailscale-dnsrewrite/webgui/main.go:130.21,132.3 1 0
tailscale-dnsrewrite/webgui/main.go:135.37,140.29 4 1
tailscale-dnsrewrite/webgui/main.go:140.29,143.60 3 1
tailscale-dnsrewrite/webgui/main.go:143.60,145.4 1 1
tailscale-dnsrewrite/webgui/main.go:147.2,149.24 2 1
tailscale-dnsrewrite/webgui/main.go:149.24,150.45 1 1
tailscale-dnsrewrite/webgui/main.go:150.45,152.4 1 0
tailscale-dnsrewrite/webgui/main.go:154.3,155.31 2 1
tailscale-dnsrewrite/webgui/main.go:155.31,158.4 2 1
tailscale-dnsrewrite/webgui/main.go:160.3,160.35 1 1
tailscale-dnsrewrite/webgui/main.go:160.35,163.18 3 1
tailscale-dnsrewrite/webgui/main.go:163.18,165.13 2 0
tailscale-dnsrewrite/webgui/main.go:167.4,167.26 1 1
tailscale-dnsrewrite/webgui/main.go:167.26,169.5 1 1
tailscale-dnsrewrite/webgui/main.go:170.4,170.17 1 1
tailscale-dnsrewrite/webgui/main.go:172.3,173.59 2 1
tailscale-dnsrewrite/webgui/main.go:177.2,178.16 2 1
tailscale-dnsrewrite/webgui/main.go:178.16,179.27 1 1
tailscale-dnsrewrite/webgui/main.go:179.27,180.88 1 1
tailscale-dnsrewrite/webgui/main.go:180.88,182.61 2 1
tailscale-dnsrewrite/webgui/main.go:182.61,185.6 2 1
tailscale-dnsrewrite/webgui/main.go:191.2,193.29 3 1
tailscale-dnsrewrite/webgui/main.go:193.29,194.21 1 1
tailscale-dnsrewrite/webgui/main.go:194.21,196.4 1 0
tailscale-dnsrewrite/webgui/main.go:198.2,199.23 2 1
tailscale-dnsrewrite/webgui/main.go:203.28,205.21 2 0
tailscale-dnsrewrite/webgui/main.go:205.21,207.3 1 0
tailscale-dnsrewrite/webgui/main.go:210.37,214.44 4 1
tailscale-dnsrewrite/webgui/main.go:214.44,215.35 1 1
tailscale-dnsrewrite/webgui/main.go:215.35,216.39 1 1
tailscale-dnsrewrite/webgui/main.go:216.39,220.5 3 1
tailscale-dnsrewrite/webgui/main.go:222.3,222.24 1 1
tailscale-dnsrewrite/webgui/main.go:222.24,225.4 2 0
tailscale-dnsrewrite/webgui/main.go:227.2,227.16 1 1
tailscale-dnsrewrite/webgui/main.go:230.90,232.16 2 1
tailscale-dnsrewrite/webgui/main.go:232.16,234.3 1 0
tailscale-dnsrewrite/webgui/main.go:235.2,236.16 2 1
tailscale-dnsrewrite/webgui/main.go:236.16,238.3 1 0
tailscale-dnsrewrite/webgui/main.go:239.2,242.16 3 1
tailscale-dnsrewrite/webgui/main.go:242.16,244.3 1 0
tailscale-dnsrewrite/webgui/main.go:245.2,247.53 2 1
tailscale-dnsrewrite/webgui/main.go:247.53,249.3 1 1
tailscale-dnsrewrite/webgui/main.go:250.2,250.12 1 1
tailscale-dnsrewrite/webgui/main.go:253.27,254.40 1 0
tailscale-dnsrewrite/webgui/main.go:254.40,256.3 1 0
tailscale-dnsrewrite/webgui/main.go:257.2,260.6 3 0
tailscale-dnsrewrite/webgui/main.go:260.6,263.23 3 0
tailscale-dnsrewrite/webgui/main.go:263.23,266.32 2 0
tailscale-dnsrewrite/webgui/main.go:266.32,268.5 1 0
tailscale-dnsrewrite/webgui/main.go:269.4,270.22 2 0
tailscale-dnsrewrite/webgui/main.go:271.9,275.11 3 0
tailscale-dnsrewrite/webgui/main.go:275.11,275.21 1 0
tailscale-dnsrewrite/webgui/main.go:276.4,280.40 3 0
tailscale-dnsrewrite/webgui/main.go:280.40,281.12 1 0
tailscale-dnsrewrite/webgui/main.go:282.29,283.30 1 0
tailscale-dnsrewrite/webgui/main.go:284.13,285.25 1 0
tailscale-dnsrewrite/webgui/main.go:290.4,291.28 2 0
tailscale-dnsrewrite/webgui/main.go:291.28,294.5 2 0
tailscale-dnsrewrite/webgui/main.go:295.4,295.22 1 0
tailscale-dnsrewrite/webgui/main.go:299.3,300.17 2 0
tailscale-dnsrewrite/webgui/main.go:300.17,303.34 2 0
tailscale-dnsrewrite/webgui/main.go:303.34,304.37 1 0
tailscale-dnsrewrite/webgui/main.go:304.37,306.6 1 0
tailscale-dnsrewrite/webgui/main.go:307.5,307.35 1 0
tailscale-dnsrewrite/webgui/main.go:309.4,310.29 2 0
tailscale-dnsrewrite/webgui/main.go:311.9,315.32 4 0
tailscale-dnsrewrite/webgui/main.go:315.32,315.62 1 0
tailscale-dnsrewrite/webgui/main.go:327.58,329.2 1 1
tailscale-dnsrewrite/webgui/main.go:331.53,332.71 1 1
tailscale-dnsrewrite/webgui/main.go:332.71,333.65 1 1
tailscale-dnsrewrite/webgui/main.go:333.65,336.4 2 1
tailscale-dnsrewrite/webgui/main.go:337.3,339.16 3 1
tailscale-dnsrewrite/webgui/main.go:339.16,339.34 1 1
tailscale-dnsrewrite/webgui/main.go:340.3,341.25 2 1
tailscale-dnsrewrite/webgui/main.go:346.46,349.20 3 1
tailscale-dnsrewrite/webgui/main.go:349.20,351.3 1 0
tailscale-dnsrewrite/webgui/main.go:353.2,354.26 2 1
tailscale-dnsrewrite/webgui/main.go:354.26,359.39 1 1
tailscale-dnsrewrite/webgui/main.go:359.39,361.9 2 1
tailscale-dnsrewrite/webgui/main.go:365.2,365.21 1 1
tailscale-dnsrewrite/webgui/main.go:365.21,367.3 1 0
tailscale-dnsrewrite/webgui/main.go:369.2,371.47 2 1
tailscale-dnsrewrite/webgui/main.go:371.47,373.31 2 1
tailscale-dnsrewrite/webgui/main.go:373.31,375.4 1 0
tailscale-dnsrewrite/webgui/main.go:376.3,380.21 4 1
tailscale-dnsrewrite/webgui/main.go:380.21,382.4 1 0
tailscale-dnsrewrite/webgui/main.go:384.3,399.34 7 1
tailscale-dnsrewrite/webgui/main.go:399.34,401.4 1 1
tailscale-dnsrewrite/webgui/main.go:402.3,406.25 4 1
tailscale-dnsrewrite/webgui/main.go:406.25,410.4 3 1
tailscale-dnsrewrite/webgui/main.go:411.3,415.24 5 1
tailscale-dnsrewrite/webgui/main.go:415.24,417.4 1 1
tailscale-dnsrewrite/webgui/main.go:418.3,419.9 2 1
tailscale-dnsrewrite/webgui/main.go:422.2,422.46 1 1
tailscale-dnsrewrite/webgui/main.go:422.46,423.32 1 1
tailscale-dnsrewrite/webgui/main.go:423.32,427.37 4 1
tailscale-dnsrewrite/webgui/main.go:427.37,429.5 1 1
tailscale-dnsrewrite/webgui/main.go:430.4,431.22 2 1
tailscale-dnsrewrite/webgui/main.go:433.3,433.9 1 1
tailscale-dnsrewrite/webgui/main.go:436.2,436.124 1 1
tailscale-dnsrewrite/webgui/main.go:436.124,437.32 1 1
tailscale-dnsrewrite/webgui/main.go:437.32,442.44 5 1
tailscale-dnsrewrite/webgui/main.go:442.44,444.5 1 1
tailscale-dnsrewrite/webgui/main.go:444.10,444.52 1 1
tailscale-dnsrewrite/webgui/main.go:444.52,446.5 1 1
tailscale-dnsrewrite/webgui/main.go:446.10,446.52 1 1
tailscale-dnsrewrite/webgui/main.go:446.52,448.5 1 1
tailscale-dnsrewrite/webgui/main.go:448.10,450.5 1 0
tailscale-dnsrewrite/webgui/main.go:452.4,452.10 1 1
tailscale-dnsrewrite/webgui/main.go:452.10,460.25 7 1
tailscale-dnsrewrite/webgui/main.go:460.25,462.6 1 0
tailscale-dnsrewrite/webgui/main.go:463.5,463.36 1 1
tailscale-dnsrewrite/webgui/main.go:463.36,465.94 2 1
tailscale-dnsrewrite/webgui/main.go:465.94,468.12 3 1
tailscale-dnsrewrite/webgui/main.go:471.5,471.22 1 1
tailscale-dnsrewrite/webgui/main.go:472.10,474.5 1 0
tailscale-dnsrewrite/webgui/main.go:476.3,476.9 1 1
tailscale-dnsrewrite/webgui/main.go:480.26,482.2 1 0
tailscale-dnsrewrite/webgui/main.go:484.32,492.25 6 1
tailscale-dnsrewrite/webgui/main.go:492.25,493.13 1 1
tailscale-dnsrewrite/webgui/main.go:493.13,494.30 1 1
tailscale-dnsrewrite/webgui/main.go:494.30,498.43 3 1
tailscale-dnsrewrite/webgui/main.go:498.43,500.13 2 0
tailscale-dnsrewrite/webgui/main.go:501.31,503.44 2 0
tailscale-dnsrewrite/webgui/main.go:503.44,506.8 2 0
tailscale-dnsrewrite/webgui/main.go:507.7,509.25 3 0
tailscale-dnsrewrite/webgui/main.go:510.14,510.14 0 0
tailscale-dnsrewrite/webgui/main.go:513.5,513.38 1 1
tailscale-dnsrewrite/webgui/main.go:518.2,518.21 1 1
tailscale-dnsrewrite/webgui/main.go:518.21,522.3 3 1
tailscale-dnsrewrite/webgui/main.go:523.2,524.38 2 1
tailscale-dnsrewrite/webgui/main.go:524.38,527.3 2 0
tailscale-dnsrewrite/webgui/main.go:528.2,528.55 1 1
tailscale-dnsrewrite/webgui/main.go:531.47,536.28 4 1
tailscale-dnsrewrite/webgui/main.go:536.28,538.3 1 0
tailscale-dnsrewrite/webgui/main.go:540.2,541.25 2 1
tailscale-dnsrewrite/webgui/main.go:541.25,544.3 2 1
tailscale-dnsrewrite/webgui/main.go:545.2,545.15 1 1
tailscale-dnsrewrite/webgui/main.go:548.30,550.16 2 1
tailscale-dnsrewrite/webgui/main.go:550.16,552.3 1 0
tailscale-dnsrewrite/webgui/main.go:554.2,558.77 2 1
tailscale-dnsrewrite/webgui/main.go:558.77,559.34 1 1
tailscale-dnsrewrite/webgui/main.go:559.34,562.4 2 0
tailscale-dnsrewrite/webgui/main.go:563.3,568.66 2 1
tailscale-dnsrewrite/webgui/main.go:568.66,571.4 2 0
tailscale-dnsrewrite/webgui/main.go:572.3,572.25 1 1
tailscale-dnsrewrite/webgui/main.go:572.25,574.4 1 0
tailscale-dnsrewrite/webgui/main.go:575.3,575.35 1 1
tailscale-dnsrewrite/webgui/main.go:575.35,577.4 1 1
tailscale-dnsrewrite/webgui/main.go:578.3,578.38 1 1
tailscale-dnsrewrite/webgui/main.go:581.2,581.67 1 1
tailscale-dnsrewrite/webgui/main.go:581.67,586.18 3 1
tailscale-dnsrewrite/webgui/main.go:586.18,590.4 3 0
tailscale-dnsrewrite/webgui/main.go:591.3,592.43 2 1
tailscale-dnsrewrite/webgui/main.go:592.43,594.4 1 0
tailscale-dnsrewrite/webgui/main.go:597.2,597.77 1 1
tailscale-dnsrewrite/webgui/main.go:597.77,600.21 3 1
tailscale-dnsrewrite/webgui/main.go:600.21,602.4 1 1
tailscale-dnsrewrite/webgui/main.go:604.3,606.15 3 1
tailscale-dnsrewrite/webgui/main.go:606.15,606.27 1 1
tailscale-dnsrewrite/webgui/main.go:608.3,609.26 2 1
tailscale-dnsrewrite/webgui/main.go:609.26,612.26 3 1
tailscale-dnsrewrite/webgui/main.go:612.26,614.5 1 1
tailscale-dnsrewrite/webgui/main.go:614.10,614.24 1 1
tailscale-dnsrewrite/webgui/main.go:614.24,616.10 1 1
tailscale-dnsrewrite/webgui/main.go:619.3,622.59 3 1
tailscale-dnsrewrite/webgui/main.go:622.59,624.4 1 0
tailscale-dnsrewrite/webgui/main.go:627.2,627.76 1 1
tailscale-dnsrewrite/webgui/main.go:627.76,642.40 12 1
tailscale-dnsrewrite/webgui/main.go:642.40,643.13 1 1
tailscale-dnsrewrite/webgui/main.go:643.13,643.36 1 1
tailscale-dnsrewrite/webgui/main.go:645.3,645.40 1 1
tailscale-dnsrewrite/webgui/main.go:645.40,646.13 1 1
tailscale-dnsrewrite/webgui/main.go:646.13,646.36 1 1
tailscale-dnsrewrite/webgui/main.go:651.3,651.30 1 1
tailscale-dnsrewrite/webgui/main.go:651.30,655.29 3 1
tailscale-dnsrewrite/webgui/main.go:655.29,655.36 1 0
tailscale-dnsrewrite/webgui/main.go:657.4,658.22 2 1
tailscale-dnsrewrite/webgui/main.go:658.22,658.44 1 0
tailscale-dnsrewrite/webgui/main.go:660.4,660.28 1 1
tailscale-dnsrewrite/webgui/main.go:660.28,663.5 2 1
tailscale-dnsrewrite/webgui/main.go:664.4,664.30 1 1
tailscale-dnsrewrite/webgui/main.go:664.30,667.5 2 1
tailscale-dnsrewrite/webgui/main.go:669.3,674.52 4 1
tailscale-dnsrewrite/webgui/main.go:674.52,676.4 1 1
tailscale-dnsrewrite/webgui/main.go:677.3,679.49 2 1
tailscale-dnsrewrite/webgui/main.go:679.49,681.24 2 1
tailscale-dnsrewrite/webgui/main.go:681.24,683.5 1 1
tailscale-dnsrewrite/webgui/main.go:684.4,684.38 1 1
tailscale-dnsrewrite/webgui/main.go:684.38,684.72 1 1
tailscale-dnsrewrite/webgui/main.go:685.4,685.19 1 1
tailscale-dnsrewrite/webgui/main.go:685.19,687.5 1 1
tailscale-dnsrewrite/webgui/main.go:688.4,688.12 1 1
tailscale-dnsrewrite/webgui/main.go:691.3,692.29 2 1
tailscale-dnsrewrite/webgui/main.go:692.29,697.4 1 1
tailscale-dnsrewrite/webgui/main.go:699.3,708.18 2 1
tailscale-dnsrewrite/webgui/main.go:708.18,710.4 1 0
tailscale-dnsrewrite/webgui/main.go:713.2,713.79 1 1
tailscale-dnsrewrite/webgui/main.go:713.79,715.19 2 1
tailscale-dnsrewrite/webgui/main.go:715.19,718.4 2 1
tailscale-dnsrewrite/webgui/main.go:720.3,721.17 2 1
tailscale-dnsrewrite/webgui/main.go:721.17,726.19 2 0
tailscale-dnsrewrite/webgui/main.go:726.19,728.5 1 0
tailscale-dnsrewrite/webgui/main.go:729.4,729.10 1 0
tailscale-dnsrewrite/webgui/main.go:732.3,733.26 2 1
tailscale-dnsrewrite/webgui/main.go:733.26,735.4 1 1
tailscale-dnsrewrite/webgui/main.go:737.3,741.18 2 1
tailscale-dnsrewrite/webgui/main.go:741.18,743.4 1 0
tailscale-dnsrewrite/webgui/main.go:746.2,746.28 1 1
tailscale-dnsrewrite/webgui/main.go:749.13,758.12 7 0
tailscale-dnsrewrite/webgui/main.go:758.12,759.28 1 0
tailscale-dnsrewrite/webgui/main.go:759.28,760.29 1 0
tailscale-dnsrewrite/webgui/main.go:760.29,762.13 2 0
tailscale-dnsrewrite/webgui/main.go:764.4,765.14 2 0
tailscale-dnsrewrite/webgui/main.go:769.2,772.16 3 0
tailscale-dnsrewrite/webgui/main.go:772.16,774.3 1 0
tailscale-dnsrewrite/webgui/main.go:776.2,785.79 3 0
tailscale-dnsrewrite/webgui/main.go:785.79,787.3 1 0
